// Jest Snapshot v1, https://goo.gl/fbAQLP

exports[`Component test snapshot Rockets renders correctly 1`] = `
<div>
  <h3
    className="joined__mission__title"
  >
    No Rockets Reserved!
  </h3>
  <div
    className="joined__mission__container"
  />
</div>
`;
